[warmup] /terminal?symbol=NVDA → 200 in 62ms
[warmup] /options → 200 in 140ms
[warmup] /portfolio → 200 in 72ms
[warmup] /alerts → 200 in 75ms
[warmup] /analysis → 200 in 161ms
[warmup] /discover → 200 in 90ms
[warmup] /admin → 200 in 54ms
[warmup] /embed/chart?symbol=NVDA → 200 in 47ms
[warmup] /login → 200 in 64ms
[warmup] /reset-password → 200 in 91ms
[warmup] /api/me → 200 in 78ms
[warmup] /api/watchlist → 200 in 27ms
[warmup] /api/layouts → 200 in 28ms
[warmup] 13 routes compiled in 1s

Running 112 tests using 1 worker

[1/112] [desktop] › e2e/company-intelligence-appearance.spec.ts:69:7 › existing card ages at UTC expiry without reloading or fetching (dark/EN)

[WebServer] [analyticsEvents] SUPABASE_SERVICE_ROLE_KEY absent — events held in memory only (dev mode)
[2/112] [desktop] › e2e/company-intelligence-appearance.spec.ts:96:9 › degraded existing theme card: source-stale (dark/EN)
[3/112] [desktop] › e2e/company-intelligence-appearance.spec.ts:96:9 › degraded existing theme card: missing (dark/EN)
[4/112] [desktop] › e2e/company-intelligence-appearance.spec.ts:96:9 › degraded existing theme card: invalid (dark/EN)
[5/112] [desktop] › e2e/company-intelligence-appearance.spec.ts:96:9 › degraded existing theme card: future (dark/EN)
[6/112] [desktop] › e2e/company-intelligence-appearance.spec.ts:96:9 › degraded existing theme card: future-generation (dark/EN)
[7/112] [desktop] › e2e/company-intelligence-appearance.spec.ts:96:9 › degraded existing theme card: last-good (dark/EN)
[8/112] [desktop] › e2e/company-intelligence-appearance.spec.ts:96:9 › degraded existing theme card: mixed (dark/EN)
[9/112] [desktop] › e2e/company-intelligence-appearance.spec.ts:96:9 › degraded existing theme card: unmapped-only (dark/EN)
[10/112] [desktop] › e2e/company-intelligence-appearance.spec.ts:96:9 › degraded existing theme card: empty (dark/EN)
[11/112] [desktop] › e2e/company-intelligence-appearance.spec.ts:96:9 › degraded existing theme card: refreshing (dark/EN)
[12/112] [desktop] › e2e/company-intelligence-appearance.spec.ts:96:9 › degraded existing theme card: unavailable (dark/EN)
[13/112] [desktop] › e2e/company-intelligence-appearance.spec.ts:69:7 › existing card ages at UTC expiry without reloading or fetching (dark/ZH)
[14/112] [desktop] › e2e/company-intelligence-appearance.spec.ts:96:9 › degraded existing theme card: source-stale (dark/ZH)
[15/112] [desktop] › e2e/company-intelligence-appearance.spec.ts:96:9 › degraded existing theme card: missing (dark/ZH)
[16/112] [desktop] › e2e/company-intelligence-appearance.spec.ts:96:9 › degraded existing theme card: invalid (dark/ZH)
[17/112] [desktop] › e2e/company-intelligence-appearance.spec.ts:96:9 › degraded existing theme card: future (dark/ZH)
[18/112] [desktop] › e2e/company-intelligence-appearance.spec.ts:96:9 › degraded existing theme card: future-generation (dark/ZH)
[19/112] [desktop] › e2e/company-intelligence-appearance.spec.ts:96:9 › degraded existing theme card: last-good (dark/ZH)
[20/112] [desktop] › e2e/company-intelligence-appearance.spec.ts:96:9 › degraded existing theme card: mixed (dark/ZH)
[21/112] [desktop] › e2e/company-intelligence-appearance.spec.ts:96:9 › degraded existing theme card: unmapped-only (dark/ZH)
[22/112] [desktop] › e2e/company-intelligence-appearance.spec.ts:96:9 › degraded existing theme card: empty (dark/ZH)
[23/112] [desktop] › e2e/company-intelligence-appearance.spec.ts:96:9 › degraded existing theme card: refreshing (dark/ZH)
[24/112] [desktop] › e2e/company-intelligence-appearance.spec.ts:96:9 › degraded existing theme card: unavailable (dark/ZH)
[25/112] [desktop] › e2e/company-intelligence-appearance.spec.ts:69:7 › existing card ages at UTC expiry without reloading or fetching (light/EN)
[26/112] [desktop] › e2e/company-intelligence-appearance.spec.ts:96:9 › degraded existing theme card: source-stale (light/EN)
[27/112] [desktop] › e2e/company-intelligence-appearance.spec.ts:96:9 › degraded existing theme card: missing (light/EN)
[28/112] [desktop] › e2e/company-intelligence-appearance.spec.ts:96:9 › degraded existing theme card: invalid (light/EN)
[29/112] [desktop] › e2e/company-intelligence-appearance.spec.ts:96:9 › degraded existing theme card: future (light/EN)
[30/112] [desktop] › e2e/company-intelligence-appearance.spec.ts:96:9 › degraded existing theme card: future-generation (light/EN)
[31/112] [desktop] › e2e/company-intelligence-appearance.spec.ts:96:9 › degraded existing theme card: last-good (light/EN)
[32/112] [desktop] › e2e/company-intelligence-appearance.spec.ts:96:9 › degraded existing theme card: mixed (light/EN)
[33/112] [desktop] › e2e/company-intelligence-appearance.spec.ts:96:9 › degraded existing theme card: unmapped-only (light/EN)
[34/112] [desktop] › e2e/company-intelligence-appearance.spec.ts:96:9 › degraded existing theme card: empty (light/EN)
[35/112] [desktop] › e2e/company-intelligence-appearance.spec.ts:96:9 › degraded existing theme card: refreshing (light/EN)
[36/112] [desktop] › e2e/company-intelligence-appearance.spec.ts:96:9 › degraded existing theme card: unavailable (light/EN)
[37/112] [desktop] › e2e/company-intelligence-appearance.spec.ts:69:7 › existing card ages at UTC expiry without reloading or fetching (light/ZH)
[38/112] [desktop] › e2e/company-intelligence-appearance.spec.ts:96:9 › degraded existing theme card: source-stale (light/ZH)
[39/112] [desktop] › e2e/company-intelligence-appearance.spec.ts:96:9 › degraded existing theme card: missing (light/ZH)
[40/112] [desktop] › e2e/company-intelligence-appearance.spec.ts:96:9 › degraded existing theme card: invalid (light/ZH)
[41/112] [desktop] › e2e/company-intelligence-appearance.spec.ts:96:9 › degraded existing theme card: future (light/ZH)
[42/112] [desktop] › e2e/company-intelligence-appearance.spec.ts:96:9 › degraded existing theme card: future-generation (light/ZH)
[43/112] [desktop] › e2e/company-intelligence-appearance.spec.ts:96:9 › degraded existing theme card: last-good (light/ZH)
[44/112] [desktop] › e2e/company-intelligence-appearance.spec.ts:96:9 › degraded existing theme card: mixed (light/ZH)
[45/112] [desktop] › e2e/company-intelligence-appearance.spec.ts:96:9 › degraded existing theme card: unmapped-only (light/ZH)
[46/112] [desktop] › e2e/company-intelligence-appearance.spec.ts:96:9 › degraded existing theme card: empty (light/ZH)
[47/112] [desktop] › e2e/company-intelligence-appearance.spec.ts:96:9 › degraded existing theme card: refreshing (light/ZH)
[48/112] [desktop] › e2e/company-intelligence-appearance.spec.ts:96:9 › degraded existing theme card: unavailable (light/ZH)
[49/112] [desktop] › e2e/company-intelligence-appearance.spec.ts:136:7 › actual appearance selection survives navigation and a new cold context (EN)
[50/112] [desktop] › e2e/company-intelligence-appearance.spec.ts:136:7 › actual appearance selection survives navigation and a new cold context (ZH)
[51/112] [desktop] › e2e/company-intelligence-appearance.spec.ts:160:7 › shared header brand remains legible in served light and preserves dark (EN)
[52/112] [desktop] › e2e/company-intelligence-appearance.spec.ts:182:7 › auto survives route navigation, local19:00 and focus resume (EN)
[53/112] [desktop] › e2e/company-intelligence-appearance.spec.ts:160:7 › shared header brand remains legible in served light and preserves dark (ZH)
[54/112] [desktop] › e2e/company-intelligence-appearance.spec.ts:182:7 › auto survives route navigation, local19:00 and focus resume (ZH)
[55/112] [desktop] › e2e/company-intelligence-appearance.spec.ts:196:7 › chart palette changes in place through real appearance and directional controls (EN)
[56/112] [desktop] › e2e/company-intelligence-appearance.spec.ts:196:7 › chart palette changes in place through real appearance and directional controls (ZH)
[57/112] [desktop] › e2e/company-intelligence-appearance.spec.ts:69:7 › existing card ages at UTC expiry without reloading or fetching (dark/EN)
[58/112] [desktop] › e2e/company-intelligence-appearance.spec.ts:96:9 › degraded existing theme card: source-stale (dark/EN)
[59/112] [desktop] › e2e/company-intelligence-appearance.spec.ts:96:9 › degraded existing theme card: missing (dark/EN)
[60/112] [desktop] › e2e/company-intelligence-appearance.spec.ts:96:9 › degraded existing theme card: invalid (dark/EN)
[61/112] [desktop] › e2e/company-intelligence-appearance.spec.ts:96:9 › degraded existing theme card: future (dark/EN)
[62/112] [desktop] › e2e/company-intelligence-appearance.spec.ts:96:9 › degraded existing theme card: future-generation (dark/EN)
[63/112] [desktop] › e2e/company-intelligence-appearance.spec.ts:96:9 › degraded existing theme card: last-good (dark/EN)
[64/112] [desktop] › e2e/company-intelligence-appearance.spec.ts:96:9 › degraded existing theme card: mixed (dark/EN)
[65/112] [desktop] › e2e/company-intelligence-appearance.spec.ts:96:9 › degraded existing theme card: unmapped-only (dark/EN)
[66/112] [desktop] › e2e/company-intelligence-appearance.spec.ts:96:9 › degraded existing theme card: empty (dark/EN)
[67/112] [desktop] › e2e/company-intelligence-appearance.spec.ts:96:9 › degraded existing theme card: refreshing (dark/EN)
[68/112] [desktop] › e2e/company-intelligence-appearance.spec.ts:96:9 › degraded existing theme card: unavailable (dark/EN)
[69/112] [desktop] › e2e/company-intelligence-appearance.spec.ts:69:7 › existing card ages at UTC expiry without reloading or fetching (dark/ZH)
[70/112] [desktop] › e2e/company-intelligence-appearance.spec.ts:96:9 › degraded existing theme card: source-stale (dark/ZH)
[71/112] [desktop] › e2e/company-intelligence-appearance.spec.ts:96:9 › degraded existing theme card: missing (dark/ZH)
[72/112] [desktop] › e2e/company-intelligence-appearance.spec.ts:96:9 › degraded existing theme card: invalid (dark/ZH)
[73/112] [desktop] › e2e/company-intelligence-appearance.spec.ts:96:9 › degraded existing theme card: future (dark/ZH)
[74/112] [desktop] › e2e/company-intelligence-appearance.spec.ts:96:9 › degraded existing theme card: future-generation (dark/ZH)
[75/112] [desktop] › e2e/company-intelligence-appearance.spec.ts:96:9 › degraded existing theme card: last-good (dark/ZH)
[76/112] [desktop] › e2e/company-intelligence-appearance.spec.ts:96:9 › degraded existing theme card: mixed (dark/ZH)
[77/112] [desktop] › e2e/company-intelligence-appearance.spec.ts:96:9 › degraded existing theme card: unmapped-only (dark/ZH)
[78/112] [desktop] › e2e/company-intelligence-appearance.spec.ts:96:9 › degraded existing theme card: empty (dark/ZH)
[79/112] [desktop] › e2e/company-intelligence-appearance.spec.ts:96:9 › degraded existing theme card: refreshing (dark/ZH)
[80/112] [desktop] › e2e/company-intelligence-appearance.spec.ts:96:9 › degraded existing theme card: unavailable (dark/ZH)
[81/112] [desktop] › e2e/company-intelligence-appearance.spec.ts:69:7 › existing card ages at UTC expiry without reloading or fetching (light/EN)
[82/112] [desktop] › e2e/company-intelligence-appearance.spec.ts:96:9 › degraded existing theme card: source-stale (light/EN)
[83/112] [desktop] › e2e/company-intelligence-appearance.spec.ts:96:9 › degraded existing theme card: missing (light/EN)
[84/112] [desktop] › e2e/company-intelligence-appearance.spec.ts:96:9 › degraded existing theme card: invalid (light/EN)
[85/112] [desktop] › e2e/company-intelligence-appearance.spec.ts:96:9 › degraded existing theme card: future (light/EN)
[86/112] [desktop] › e2e/company-intelligence-appearance.spec.ts:96:9 › degraded existing theme card: future-generation (light/EN)
[87/112] [desktop] › e2e/company-intelligence-appearance.spec.ts:96:9 › degraded existing theme card: last-good (light/EN)
[88/112] [desktop] › e2e/company-intelligence-appearance.spec.ts:96:9 › degraded existing theme card: mixed (light/EN)
[89/112] [desktop] › e2e/company-intelligence-appearance.spec.ts:96:9 › degraded existing theme card: unmapped-only (light/EN)
[90/112] [desktop] › e2e/company-intelligence-appearance.spec.ts:96:9 › degraded existing theme card: empty (light/EN)
[91/112] [desktop] › e2e/company-intelligence-appearance.spec.ts:96:9 › degraded existing theme card: refreshing (light/EN)
[92/112] [desktop] › e2e/company-intelligence-appearance.spec.ts:96:9 › degraded existing theme card: unavailable (light/EN)
[93/112] [desktop] › e2e/company-intelligence-appearance.spec.ts:69:7 › existing card ages at UTC expiry without reloading or fetching (light/ZH)
[94/112] [desktop] › e2e/company-intelligence-appearance.spec.ts:96:9 › degraded existing theme card: source-stale (light/ZH)
[95/112] [desktop] › e2e/company-intelligence-appearance.spec.ts:96:9 › degraded existing theme card: missing (light/ZH)
[96/112] [desktop] › e2e/company-intelligence-appearance.spec.ts:96:9 › degraded existing theme card: invalid (light/ZH)
[97/112] [desktop] › e2e/company-intelligence-appearance.spec.ts:96:9 › degraded existing theme card: future (light/ZH)
[98/112] [desktop] › e2e/company-intelligence-appearance.spec.ts:96:9 › degraded existing theme card: future-generation (light/ZH)
[99/112] [desktop] › e2e/company-intelligence-appearance.spec.ts:96:9 › degraded existing theme card: last-good (light/ZH)
[100/112] [desktop] › e2e/company-intelligence-appearance.spec.ts:96:9 › degraded existing theme card: mixed (light/ZH)
[101/112] [desktop] › e2e/company-intelligence-appearance.spec.ts:96:9 › degraded existing theme card: unmapped-only (light/ZH)
[102/112] [desktop] › e2e/company-intelligence-appearance.spec.ts:96:9 › degraded existing theme card: empty (light/ZH)
[103/112] [desktop] › e2e/company-intelligence-appearance.spec.ts:96:9 › degraded existing theme card: refreshing (light/ZH)
[104/112] [desktop] › e2e/company-intelligence-appearance.spec.ts:96:9 › degraded existing theme card: unavailable (light/ZH)
[105/112] [desktop] › e2e/company-intelligence-appearance.spec.ts:136:7 › actual appearance selection survives navigation and a new cold context (EN)
[106/112] [desktop] › e2e/company-intelligence-appearance.spec.ts:136:7 › actual appearance selection survives navigation and a new cold context (ZH)
[107/112] [desktop] › e2e/company-intelligence-appearance.spec.ts:160:7 › shared header brand remains legible in served light and preserves dark (EN)
[108/112] [desktop] › e2e/company-intelligence-appearance.spec.ts:182:7 › auto survives route navigation, local19:00 and focus resume (EN)
[109/112] [desktop] › e2e/company-intelligence-appearance.spec.ts:160:7 › shared header brand remains legible in served light and preserves dark (ZH)
[110/112] [desktop] › e2e/company-intelligence-appearance.spec.ts:182:7 › auto survives route navigation, local19:00 and focus resume (ZH)
[111/112] [desktop] › e2e/company-intelligence-appearance.spec.ts:196:7 › chart palette changes in place through real appearance and directional controls (EN)
[112/112] [desktop] › e2e/company-intelligence-appearance.spec.ts:196:7 › chart palette changes in place through real appearance and directional controls (ZH)
  112 passed (11.0m)
