The CJS build of Vite's Node API is deprecated. See https://vite.dev/guide/troubleshooting.html#vite-cjs-node-api-deprecated for more details.

 RUN  v2.1.9 <worktree>/terminal

 ✓ lib/__tests__/replayEngine.test.ts (49 tests) 9ms
 ✓ lib/__tests__/heatSeries.test.ts (31 tests) 6ms
 ❯ lib/__tests__/heatSeriesGeometry.test.ts (6 tests | 5 failed) 11ms
   × HeatSeries actual raster geometry > places nonuniform bands at their numeric prices rather than equal-height rows 8ms
     → expected 40 to be 80 // Object.is equality
   × HeatSeries actual raster geometry > uses the converter on an inverted price axis 1ms
     → expected 120 to be 80 // Object.is equality
   × HeatSeries actual raster geometry > uses the actual nonlinear converter for internal boundaries 1ms
     → expected 40 to be 80 // Object.is equality
   × HeatSeries actual raster geometry > updates price geometry while reusing an unchanged time raster 0ms
     → expected 40 to be 80 // Object.is equality
   × HeatSeries actual raster geometry > does not discard projectable bands when an outer boundary is unavailable 0ms
     → expected null to be 80 // Object.is equality
 ❯ lib/__tests__/flowClientCacheRefresh.test.ts (4 tests | 2 failed) 17ms
   × an explicit refresh awaits the newest response instead of returning a stale index 15ms
     → expected { value: 1 } to deeply equal { value: 2 }
   × an explicit failed refresh reports null, not a cached success 1ms
     → expected { value: 1 } to be null
 ❯ lib/__tests__/replayIndexIdentity.test.ts (3 tests | 2 failed) 8ms
   × replay index changes preserve the selected timestamp > does not change the paused time when an earlier frame is inserted 6ms
     → expected '0931' to be '0932' // Object.is equality
   × replay index changes preserve the selected timestamp > uses the preceding available frame, not later knowledge, if the selected stamp is withdrawn 1ms
     → expected '0934' to be '0930' // Object.is equality
 ❯ lib/__tests__/surfaceReplayMounted.test.tsx (7 tests | 5 failed) 430ms
   × Surface workspace replay through its actual mounted consumer > admits an expanding live index without changing root or reloading 44ms
     → expected '2' to be '3' // Object.is equality
   × Surface workspace replay through its actual mounted consumer > does not pull a paused historical cursor to the new head 50ms
     → expected '2' to be '3' // Object.is equality
   × Surface workspace replay through its actual mounted consumer > preserves the selected time when single changes to quad 85ms
     → expected '09:31, 2 of 2' to contain '09:30'
   × Surface workspace replay through its actual mounted consumer > refreshes only one index for a four-panel group 59ms
     → expected +0 to be 1 // Object.is equality
   × Surface workspace replay through its actual mounted consumer > keeps the last usable frames when an index refresh fails 28ms
     → expected 1 to be greater than 1

⎯⎯⎯⎯⎯⎯ Failed Tests 14 ⎯⎯⎯⎯⎯⎯⎯

 FAIL  lib/__tests__/flowClientCacheRefresh.test.ts > an explicit refresh awaits the newest response instead of returning a stale index
AssertionError: expected { value: 1 } to deeply equal { value: 2 }

- Expected
+ Received

  Object {
-   "value": 2,
+   "value": 1,
  }

 ❯ lib/__tests__/flowClientCacheRefresh.test.ts:16:60
     14|   value = 2;
     15|   await vi.advanceTimersByTimeAsync(26_000);
     16|   expect(await read("surface_idx:SPY", { refresh: true })).toEqual({ v…
       |                                                            ^
     17| });
     18|

⎯⎯⎯⎯⎯⎯⎯⎯⎯⎯⎯⎯⎯⎯⎯⎯⎯⎯⎯⎯⎯⎯⎯[1/14]⎯

 FAIL  lib/__tests__/flowClientCacheRefresh.test.ts > an explicit failed refresh reports null, not a cached success
AssertionError: expected { value: 1 } to be null

- Expected:
null

+ Received:
Object {
  "value": 1,
}

 ❯ lib/__tests__/flowClientCacheRefresh.test.ts:45:60
     43|   vi.stubGlobal("fetch", transport);
     44|   await read("surface_idx:SPY");
     45|   expect(await read("surface_idx:SPY", { refresh: true })).toBeNull();
       |                                                            ^
     46| });
     47|

⎯⎯⎯⎯⎯⎯⎯⎯⎯⎯⎯⎯⎯⎯⎯⎯⎯⎯⎯⎯⎯⎯⎯[2/14]⎯

 FAIL  lib/__tests__/heatSeriesGeometry.test.ts > HeatSeries actual raster geometry > places nonuniform bands at their numeric prices rather than equal-height rows
AssertionError: expected 40 to be 80 // Object.is equality

- Expected
+ Received

- 80
+ 40

 ❯ lib/__tests__/heatSeriesGeometry.test.ts:76:32
     74|   it("places nonuniform bands at their numeric prices rather than equa…
     75|     const out = paint(viewFor(irregular), (price) => (120 - price) * 1…
     76|     expect(out.redAt(15, 180)).toBe(80); // price 102: the middle band…
       |                                ^
     77|     expect(out.redAt(15, 200)).toBe(40); // price 100
     78|     expect(out.redAt(15, 100)).toBe(120); // price 110

⎯⎯⎯⎯⎯⎯⎯⎯⎯⎯⎯⎯⎯⎯⎯⎯⎯⎯⎯⎯⎯⎯⎯[3/14]⎯

 FAIL  lib/__tests__/heatSeriesGeometry.test.ts > HeatSeries actual raster geometry > uses the converter on an inverted price axis
AssertionError: expected 120 to be 80 // Object.is equality

- Expected
+ Received

- 80
+ 120

 ❯ lib/__tests__/heatSeriesGeometry.test.ts:92:32
     90|   it("uses the converter on an inverted price axis", () => {
     91|     const out = paint(viewFor(irregular), (price) => (price - 90) * 10…
     92|     expect(out.redAt(15, 120)).toBe(80);
       |                                ^
     93|     expect(out.redAt(15, 100)).toBe(40);
     94|     expect(out.redAt(15, 200)).toBe(120);

⎯⎯⎯⎯⎯⎯⎯⎯⎯⎯⎯⎯⎯⎯⎯⎯⎯⎯⎯⎯⎯⎯⎯[4/14]⎯

 FAIL  lib/__tests__/heatSeriesGeometry.test.ts > HeatSeries actual raster geometry > uses the actual nonlinear converter for internal boundaries
AssertionError: expected 40 to be 80 // Object.is equality

- Expected
+ Received

- 80
+ 40

 ❯ lib/__tests__/heatSeriesGeometry.test.ts:100:37
     98|     const toY = (price: number) => 1000 - 100 * Math.log(price);
     99|     const out = paint(viewFor(irregular), toY);
    100|     expect(out.redAt(15, toY(102))).toBe(80);
       |                                     ^
    101|     expect(out.redAt(15, toY(100))).toBe(40);
    102|     expect(out.redAt(15, toY(110))).toBe(120);

⎯⎯⎯⎯⎯⎯⎯⎯⎯⎯⎯⎯⎯⎯⎯⎯⎯⎯⎯⎯⎯⎯⎯[5/14]⎯

 FAIL  lib/__tests__/heatSeriesGeometry.test.ts > HeatSeries actual raster geometry > updates price geometry while reusing an unchanged time raster
AssertionError: expected 40 to be 80 // Object.is equality

- Expected
+ Received

- 80
+ 40

 ❯ lib/__tests__/heatSeriesGeometry.test.ts:109:32
    107|     paint(view, (price) => (120 - price) * 10);
    108|     const out = paint(view, (price) => (115 - price) * 20);
    109|     expect(out.redAt(15, 260)).toBe(80); // still price 102 after zoom…
       |                                ^
    110|   });
    111|

⎯⎯⎯⎯⎯⎯⎯⎯⎯⎯⎯⎯⎯⎯⎯⎯⎯⎯⎯⎯⎯⎯⎯[6/14]⎯

 FAIL  lib/__tests__/heatSeriesGeometry.test.ts > HeatSeries actual raster geometry > does not discard projectable bands when an outer boundary is unavailable
AssertionError: expected null to be 80 // Object.is equality

- Expected:
80

+ Received:
null

 ❯ lib/__tests__/heatSeriesGeometry.test.ts:114:32
    112|   it("does not discard projectable bands when an outer boundary is una…
    113|     const out = paint(viewFor(irregular), (price) => price > 110 ? nul…
    114|     expect(out.redAt(15, 180)).toBe(80);
       |                                ^
    115|     expect(out.redAt(15, 200)).toBe(40);
    116|     expect(out.redAt(15, 100)).toBeNull();

⎯⎯⎯⎯⎯⎯⎯⎯⎯⎯⎯⎯⎯⎯⎯⎯⎯⎯⎯⎯⎯⎯⎯[7/14]⎯

 FAIL  lib/__tests__/replayIndexIdentity.test.ts > replay index changes preserve the selected timestamp > does not change the paused time when an earlier frame is inserted
AssertionError: expected '0931' to be '0932' // Object.is equality

Expected: "0932"
Received: "0931"

 ❯ lib/__tests__/replayIndexIdentity.test.ts:9:28
      7|     state = replayReducer(state, { type: "setFrame", frame: 1 });
      8|     state = replayReducer(state, { type: "setStamps", stamps: ["0930",…
      9|     expect(stampAt(state)).toBe("0932");
       |                            ^
     10|   });
     11|   it("uses the preceding available frame, not later knowledge, if the …

⎯⎯⎯⎯⎯⎯⎯⎯⎯⎯⎯⎯⎯⎯⎯⎯⎯⎯⎯⎯⎯⎯⎯[8/14]⎯

 FAIL  lib/__tests__/replayIndexIdentity.test.ts > replay index changes preserve the selected timestamp > uses the preceding available frame, not later knowledge, if the selected stamp is withdrawn
AssertionError: expected '0934' to be '0930' // Object.is equality

Expected: "0930"
Received: "0934"

 ❯ lib/__tests__/replayIndexIdentity.test.ts:15:28
     13|     state = replayReducer(state, { type: "setFrame", frame: 1 });
     14|     state = replayReducer(state, { type: "setStamps", stamps: ["0930",…
     15|     expect(stampAt(state)).toBe("0930");
       |                            ^
     16|   });
     17|   it("still follows a growing head when the user has not sought back",…

⎯⎯⎯⎯⎯⎯⎯⎯⎯⎯⎯⎯⎯⎯⎯⎯⎯⎯⎯⎯⎯⎯⎯[9/14]⎯

 FAIL  lib/__tests__/surfaceReplayMounted.test.tsx > Surface workspace replay through its actual mounted consumer > admits an expanding live index without changing root or reloading
AssertionError: expected '2' to be '3' // Object.is equality

Expected: "3"
Received: "2"

 ❯ lib/__tests__/surfaceReplayMounted.test.tsx:118:50
    116|     stamps.push("0932");
    117|     await advance();
    118|     expect(rail().getAttribute("aria-valuemax")).toBe("3");
       |                                                  ^
    119|     expect(rail().getAttribute("aria-valuenow")).toBe("3");
    120|   });

⎯⎯⎯⎯⎯⎯⎯⎯⎯⎯⎯⎯⎯⎯⎯⎯⎯⎯⎯⎯⎯⎯[10/14]⎯

 FAIL  lib/__tests__/surfaceReplayMounted.test.tsx > Surface workspace replay through its actual mounted consumer > does not pull a paused historical cursor to the new head
AssertionError: expected '2' to be '3' // Object.is equality

Expected: "3"
Received: "2"

 ❯ lib/__tests__/surfaceReplayMounted.test.tsx:127:50
    125|     stamps.push("0932");
    126|     await advance();
    127|     expect(rail().getAttribute("aria-valuemax")).toBe("3");
       |                                                  ^
    128|     expect(rail().getAttribute("aria-valuetext")).toContain("09:30");
    129|   });

⎯⎯⎯⎯⎯⎯⎯⎯⎯⎯⎯⎯⎯⎯⎯⎯⎯⎯⎯⎯⎯⎯[11/14]⎯

 FAIL  lib/__tests__/surfaceReplayMounted.test.tsx > Surface workspace replay through its actual mounted consumer > preserves the selected time when single changes to quad
AssertionError: expected '09:31, 2 of 2' to contain '09:30'

Expected: "09:30"
Received: "09:31, 2 of 2"

 ❯ lib/__tests__/surfaceReplayMounted.test.tsx:136:51
    134|     const group = host.querySelector(".obs-surf-head-tools [role=group…
    135|     await act(async () => { group.querySelectorAll<HTMLButtonElement>(…
    136|     expect(rail().getAttribute("aria-valuetext")).toContain("09:30");
       |                                                   ^
    137|   });
    138|

⎯⎯⎯⎯⎯⎯⎯⎯⎯⎯⎯⎯⎯⎯⎯⎯⎯⎯⎯⎯⎯⎯[12/14]⎯

 FAIL  lib/__tests__/surfaceReplayMounted.test.tsx > Surface workspace replay through its actual mounted consumer > refreshes only one index for a four-panel group
AssertionError: expected +0 to be 1 // Object.is equality

- Expected
+ Received

- 1
+ 0

 ❯ lib/__tests__/surfaceReplayMounted.test.tsx:146:74
    144|     stamps.push("0932");
    145|     await advance();
    146|     expect(calls.filter((f) => f === "surface_idx:SPY").length - befor…
       |                                                                          ^
    147|     expect(rail().getAttribute("aria-valuemax")).toBe("3");
    148|   });

⎯⎯⎯⎯⎯⎯⎯⎯⎯⎯⎯⎯⎯⎯⎯⎯⎯⎯⎯⎯⎯⎯[13/14]⎯

 FAIL  lib/__tests__/surfaceReplayMounted.test.tsx > Surface workspace replay through its actual mounted consumer > keeps the last usable frames when an index refresh fails
AssertionError: expected 1 to be greater than 1
 ❯ lib/__tests__/surfaceReplayMounted.test.tsx:154:65
    152|     failIndex = true;
    153|     await advance();
    154|     expect(calls.filter((f) => f === "surface_idx:SPY").length).toBeGr…
       |                                                                 ^
    155|     expect(rail().getAttribute("aria-valuemax")).toBe("2");
    156|   });

⎯⎯⎯⎯⎯⎯⎯⎯⎯⎯⎯⎯⎯⎯⎯⎯⎯⎯⎯⎯⎯⎯[14/14]⎯

 Test Files  4 failed | 2 passed (6)
      Tests  14 failed | 86 passed (100)
   Start at  14:43:32
   Duration  3.78s (transform 434ms, setup 0ms, collect 697ms, tests 481ms, environment 875ms, prepare 441ms)
