[warmup] /terminal?symbol=NVDA → 200 in 70ms
[warmup] /options → 200 in 128ms
[warmup] /portfolio → 200 in 65ms
[warmup] /alerts → 200 in 79ms
[warmup] /analysis → 200 in 123ms
[warmup] /discover → 200 in 74ms
[warmup] /admin → 200 in 60ms
[warmup] /embed/chart?symbol=NVDA → 200 in 47ms
[warmup] /login → 200 in 66ms
[warmup] /api/me → 200 in 79ms
[warmup] /api/watchlist → 200 in 27ms
[warmup] /api/layouts → 200 in 27ms
[warmup] 12 routes compiled in 1s

Running 6 tests using 1 worker

  ✓  1 [desktop] › e2e/options-surface-geometry.spec.ts:56:11 › actual surface geometry at DPR 1 › linear (497ms)
  ✓  2 [desktop] › e2e/options-surface-geometry.spec.ts:56:11 › actual surface geometry at DPR 1 › inverted (287ms)
  ✓  3 [desktop] › e2e/options-surface-geometry.spec.ts:56:11 › actual surface geometry at DPR 1 › logarithmic (290ms)
  ✓  4 [desktop] › e2e/options-surface-geometry.spec.ts:56:11 › actual surface geometry at DPR 2 › linear (366ms)
  ✓  5 [desktop] › e2e/options-surface-geometry.spec.ts:56:11 › actual surface geometry at DPR 2 › inverted (335ms)
  ✓  6 [desktop] › e2e/options-surface-geometry.spec.ts:56:11 › actual surface geometry at DPR 2 › logarithmic (370ms)

  6 passed (8.4s)
