[warmup] /terminal?symbol=NVDA → 200 in 66ms
[warmup] /options → 200 in 134ms
[warmup] /portfolio → 200 in 68ms
[warmup] /alerts → 200 in 70ms
[warmup] /analysis → 200 in 128ms
[warmup] /discover → 200 in 79ms
[warmup] /admin → 200 in 49ms
[warmup] /embed/chart?symbol=NVDA → 200 in 43ms
[warmup] /login → 200 in 58ms
[warmup] /reset-password → 200 in 73ms
[warmup] /api/me → 200 in 61ms
[warmup] /api/watchlist → 200 in 23ms
[warmup] /api/layouts → 200 in 25ms
[warmup] 13 routes compiled in 1s

Running 4 tests using 1 worker

[1/4] [tablet] › e2e/company-intelligence-appearance.spec.ts:136:7 › actual appearance selection survives navigation and a new cold context (EN)

[WebServer] [analyticsEvents] SUPABASE_SERVICE_ROLE_KEY absent — events held in memory only (dev mode)
[2/4] [tablet] › e2e/company-intelligence-appearance.spec.ts:136:7 › actual appearance selection survives navigation and a new cold context (ZH)
[3/4] [tablet] › e2e/company-intelligence-appearance.spec.ts:182:7 › auto survives route navigation, local19:00 and focus resume (EN)
[4/4] [tablet] › e2e/company-intelligence-appearance.spec.ts:182:7 › auto survives route navigation, local19:00 and focus resume (ZH)
  4 passed (40.6s)
